#
# There is insufficient memory for the Java Runtime Environment to continue.
# Native memory allocation (malloc) failed to allocate 248792 bytes. Error detail: Chunk::new
# Possible reasons:
#   The system is out of physical RAM or swap space
#   This process is running with CompressedOops enabled, and the Java Heap may be blocking the growth of the native heap
# Possible solutions:
#   Reduce memory load on the system
#   Increase physical memory or swap space
#   Check if swap backing store is full
#   Decrease Java heap size (-Xmx/-Xms)
#   Decrease number of Java threads
#   Decrease Java thread stack sizes (-Xss)
#   Set larger code cache with -XX:ReservedCodeCacheSize=
#   JVM is running with Unscaled Compressed Oops mode in which the Java heap is
#     placed in the first 4GB address space. The Java Heap base address is the
#     maximum limit for the native heap growth. Please use -XX:HeapBaseMinAddress
#     to set the Java Heap base and to place the Java Heap above 4GB virtual address.
# This output file may be truncated or incomplete.
#
#  Out of Memory Error (arena.cpp:186), pid=6572, tid=13776
#
# JRE version: OpenJDK Runtime Environment JBR-25.0.2+1-329.117-jcef (25.0.2+1) (build 25.0.2+1-b329.117)
# Java VM: OpenJDK 64-Bit Server VM JBR-25.0.2+1-329.117-jcef (25.0.2+1-b329.117, mixed mode, tiered, compressed oops, compressed class ptrs, g1 gc, windows-amd64)
# No core dump will be written. Minidumps are not enabled by default on client versions of Windows
#

---------------  S U M M A R Y ------------

Command Line: git4idea.http.GitAskPassApp Username for 'https://github.com': 

Host: 11th Gen Intel(R) Core(TM) i5-1135G7 @ 2.40GHz, 8 cores, 7G,  Windows 11 , 64 bit Build 22621 (10.0.22621.5415)
Time: Mon Jun 29 15:10:46 2026 SE Asia Standard Time elapsed time: 0.480009 seconds (0d 0h 0m 0s)

---------------  T H R E A D  ---------------

Current thread (0x00000249a06815e0):  JavaThread "C2 CompilerThread0" daemon [_thread_in_native, id=13776, stack(0x0000007572e00000,0x0000007572f00000) (1024K)]


Current CompileTask:
C2:480  276       4       java.lang.String::hashCode (60 bytes)

Stack: [0x0000007572e00000,0x0000007572f00000]
Native frames: (J=compiled Java code, j=interpreted, Vv=VM code, C=native code)
V  [jvm.dll+0x7c0cc9]  (no source info available)
V  [jvm.dll+0x78a49d]  (no source info available)
V  [jvm.dll+0xa0e693]  (no source info available)
V  [jvm.dll+0xa10e8c]  (no source info available)
V  [jvm.dll+0xa11583]  (no source info available)
V  [jvm.dll+0x307b46]  (no source info available)
V  [jvm.dll+0x114676]  (no source info available)
V  [jvm.dll+0x1149a6]  (no source info available)
V  [jvm.dll+0x1a9114]  (no source info available)
V  [jvm.dll+0x3c1102]  (no source info available)
V  [jvm.dll+0x7c6628]  (no source info available)
V  [jvm.dll+0x2c9c67]  (no source info available)
V  [jvm.dll+0x2c8bdb]  (no source info available)
V  [jvm.dll+0x240560]  (no source info available)
V  [jvm.dll+0x2d8c64]  (no source info available)
V  [jvm.dll+0x2d6e8b]  (no source info available)
V  [jvm.dll+0x49dbc5]  (no source info available)
V  [jvm.dll+0x9ae57d]  (no source info available)
V  [jvm.dll+0x7bf1e5]  (no source info available)
C  [ucrtbase.dll+0x29333]  (no source info available)
C  [KERNEL32.DLL+0x1259d]  (no source info available)
C  [ntdll.dll+0x5af78]  (no source info available)

Lock stack of current Java thread (top to bottom):


---------------  P R O C E S S  ---------------

Threads class SMR info:
_java_thread_list=0x00000249a09264a0, length=11, elements={
0x0000024985c8fd70, 0x00000249a064ec50, 0x00000249a0679c80, 0x00000249a067a840,
0x00000249a067bfb0, 0x00000249a067cd50, 0x00000249a067d910, 0x00000249a06804e0,
0x00000249a06815e0, 0x00000249a0682fa0, 0x00000249a09443d0
}

Java Threads: ( => current thread )
  0x0000024985c8fd70 JavaThread "main"                              [_thread_in_vm, id=548, stack(0x0000007571f00000,0x0000007572000000) (1024K)]
  0x00000249a064ec50 JavaThread "Common-Cleaner"             daemon [_thread_blocked, id=15852, stack(0x0000007572700000,0x0000007572800000) (1024K)]
  0x00000249a0679c80 JavaThread "Reference Handler"          daemon [_thread_blocked, id=16780, stack(0x0000007572800000,0x0000007572900000) (1024K)]
  0x00000249a067a840 JavaThread "Finalizer"                  daemon [_thread_blocked, id=7296, stack(0x0000007572900000,0x0000007572a00000) (1024K)]
  0x00000249a067bfb0 JavaThread "Signal Dispatcher"          daemon [_thread_blocked, id=16744, stack(0x0000007572a00000,0x0000007572b00000) (1024K)]
  0x00000249a067cd50 JavaThread "Attach Listener"            daemon [_thread_blocked, id=18300, stack(0x0000007572b00000,0x0000007572c00000) (1024K)]
  0x00000249a067d910 JavaThread "Service Thread"             daemon [_thread_blocked, id=17316, stack(0x0000007572c00000,0x0000007572d00000) (1024K)]
  0x00000249a06804e0 JavaThread "Monitor Deflation Thread"   daemon [_thread_blocked, id=12472, stack(0x0000007572d00000,0x0000007572e00000) (1024K)]
=>0x00000249a06815e0 JavaThread "C2 CompilerThread0"         daemon [_thread_in_native, id=13776, stack(0x0000007572e00000,0x0000007572f00000) (1024K)]
  0x00000249a0682fa0 JavaThread "C1 CompilerThread0"         daemon [_thread_blocked, id=1832, stack(0x0000007572f00000,0x0000007573000000) (1024K)]
  0x00000249a09443d0 JavaThread "Notification Thread"        daemon [_thread_blocked, id=5472, stack(0x0000007573000000,0x0000007573100000) (1024K)]
Total: 11

Other Threads:
  0x00000249a0612f40 VMThread "VM Thread"                           [id=18488, stack(0x0000007572600000,0x0000007572700000) (1024K)]
  0x00000249a05efda0 WatcherThread "VM Periodic Task Thread"        [id=10512, stack(0x0000007572500000,0x0000007572600000) (1024K)]
  0x0000024987ec4fc0 WorkerThread "GC Thread#0"                     [id=11816, stack(0x0000007572000000,0x0000007572100000) (1024K)]
  0x0000024987edd430 ConcurrentGCThread "G1 Main Marker"            [id=12848, stack(0x0000007572100000,0x0000007572200000) (1024K)]
  0x0000024987eddfd0 WorkerThread "G1 Conc#0"                       [id=9632, stack(0x0000007572200000,0x0000007572300000) (1024K)]
  0x0000024987f2d4d0 ConcurrentGCThread "G1 Refine#0"               [id=9236, stack(0x0000007572300000,0x0000007572400000) (1024K)]
  0x0000024987f2dee0 ConcurrentGCThread "G1 Service"                [id=18728, stack(0x0000007572400000,0x0000007572500000) (1024K)]
Total: 7

Threads with active compile tasks:
C2 CompilerThread0  625  276       4       java.lang.String::hashCode (60 bytes)
C1 CompilerThread0  625  314       3       java.lang.Character::charCount (12 bytes)
Total: 2

VM state: not at safepoint (normal execution)

VM Mutex/Monitor currently owned by a thread: None

Heap address: 0x0000000084a00000, size: 1974 MB, Compressed Oops mode: 32-bit

CDS archive(s) not mapped
Compressed class space mapped at: 0x000000003a000000-0x000000007a000000, reserved size: 1073741824
UseCompressedClassPointers 1, UseCompactObjectHeaders 0
Narrow klass pointer bits 32, Max shift 3
Narrow klass base: 0x0000000000000000, Narrow klass shift: 0
Encoding Range: [0x0000000000000000 - 0x0000000100000000), (4294967296 bytes)
Klass Range:    [0x000000003a000000 - 0x000000007a000000), (1073741824 bytes)
Klass ID Range:  [973078528 - 2046820345) (1073741817)
No protection zone.

GC Precious Log:
 CardTable entry size: 512
 Card Set container configuration: InlinePtr #cards 5 size 8 Array Of Cards #cards 10 size 36 Howl #buckets 4 coarsen threshold 1843 Howl Bitmap #cards 512 size 80 coarsen threshold 460 Card regions per heap region 1 cards per card region 2048
 CPUs: 8 total, 8 available
 Memory: 7888M
 Large Page Support: Disabled
 NUMA Support: Disabled
 Compressed Oops: Enabled (32-bit)
 Heap Region Size: 1M
 Heap Min Capacity: 8M
 Heap Initial Capacity: 124M
 Heap Max Capacity: 1974M
 Pre-touch: Disabled
 Parallel Workers: 8
 Concurrent Workers: 2
 Concurrent Refinement Workers: 8
 Periodic GC: Disabled

Heap:
 garbage-first heap   total reserved 2021376K, committed 126976K, used 3072K [0x0000000084a00000, 0x0000000100000000)
  region size 1024K, 4 young (4096K), 0 survivors (0K)

Heap Regions: E=young(eden), S=young(survivor), O=old, HS=humongous(starts), HC=humongous(continues), CS=collection set, F=free, TAMS=top-at-mark-start, PB=parsable bottom
|   0|0x0000000084a00000, 0x0000000084a00000, 0x0000000084b00000|  0%| F|  |TAMS 0x0000000084a00000| PB 0x0000000084a00000| Untracked |  0
|   1|0x0000000084b00000, 0x0000000084b00000, 0x0000000084c00000|  0%| F|  |TAMS 0x0000000084b00000| PB 0x0000000084b00000| Untracked |  0
|   2|0x0000000084c00000, 0x0000000084c00000, 0x0000000084d00000|  0%| F|  |TAMS 0x0000000084c00000| PB 0x0000000084c00000| Untracked |  0
|   3|0x0000000084d00000, 0x0000000084d00000, 0x0000000084e00000|  0%| F|  |TAMS 0x0000000084d00000| PB 0x0000000084d00000| Untracked |  0
|   4|0x0000000084e00000, 0x0000000084e00000, 0x0000000084f00000|  0%| F|  |TAMS 0x0000000084e00000| PB 0x0000000084e00000| Untracked |  0
|   5|0x0000000084f00000, 0x0000000084f00000, 0x0000000085000000|  0%| F|  |TAMS 0x0000000084f00000| PB 0x0000000084f00000| Untracked |  0
|   6|0x0000000085000000, 0x0000000085000000, 0x0000000085100000|  0%| F|  |TAMS 0x0000000085000000| PB 0x0000000085000000| Untracked |  0
|   7|0x0000000085100000, 0x0000000085100000, 0x0000000085200000|  0%| F|  |TAMS 0x0000000085100000| PB 0x0000000085100000| Untracked |  0
|   8|0x0000000085200000, 0x0000000085200000, 0x0000000085300000|  0%| F|  |TAMS 0x0000000085200000| PB 0x0000000085200000| Untracked |  0
|   9|0x0000000085300000, 0x0000000085300000, 0x0000000085400000|  0%| F|  |TAMS 0x0000000085300000| PB 0x0000000085300000| Untracked |  0
|  10|0x0000000085400000, 0x0000000085400000, 0x0000000085500000|  0%| F|  |TAMS 0x0000000085400000| PB 0x0000000085400000| Untracked |  0
|  11|0x0000000085500000, 0x0000000085500000, 0x0000000085600000|  0%| F|  |TAMS 0x0000000085500000| PB 0x0000000085500000| Untracked |  0
|  12|0x0000000085600000, 0x0000000085600000, 0x0000000085700000|  0%| F|  |TAMS 0x0000000085600000| PB 0x0000000085600000| Untracked |  0
|  13|0x0000000085700000, 0x0000000085700000, 0x0000000085800000|  0%| F|  |TAMS 0x0000000085700000| PB 0x0000000085700000| Untracked |  0
|  14|0x0000000085800000, 0x0000000085800000, 0x0000000085900000|  0%| F|  |TAMS 0x0000000085800000| PB 0x0000000085800000| Untracked |  0
|  15|0x0000000085900000, 0x0000000085900000, 0x0000000085a00000|  0%| F|  |TAMS 0x0000000085900000| PB 0x0000000085900000| Untracked |  0
|  16|0x0000000085a00000, 0x0000000085a00000, 0x0000000085b00000|  0%| F|  |TAMS 0x0000000085a00000| PB 0x0000000085a00000| Untracked |  0
|  17|0x0000000085b00000, 0x0000000085b00000, 0x0000000085c00000|  0%| F|  |TAMS 0x0000000085b00000| PB 0x0000000085b00000| Untracked |  0
|  18|0x0000000085c00000, 0x0000000085c00000, 0x0000000085d00000|  0%| F|  |TAMS 0x0000000085c00000| PB 0x0000000085c00000| Untracked |  0
|  19|0x0000000085d00000, 0x0000000085d00000, 0x0000000085e00000|  0%| F|  |TAMS 0x0000000085d00000| PB 0x0000000085d00000| Untracked |  0
|  20|0x0000000085e00000, 0x0000000085e00000, 0x0000000085f00000|  0%| F|  |TAMS 0x0000000085e00000| PB 0x0000000085e00000| Untracked |  0
|  21|0x0000000085f00000, 0x0000000085f00000, 0x0000000086000000|  0%| F|  |TAMS 0x0000000085f00000| PB 0x0000000085f00000| Untracked |  0
|  22|0x0000000086000000, 0x0000000086000000, 0x0000000086100000|  0%| F|  |TAMS 0x0000000086000000| PB 0x0000000086000000| Untracked |  0
|  23|0x0000000086100000, 0x0000000086100000, 0x0000000086200000|  0%| F|  |TAMS 0x0000000086100000| PB 0x0000000086100000| Untracked |  0
|  24|0x0000000086200000, 0x0000000086200000, 0x0000000086300000|  0%| F|  |TAMS 0x0000000086200000| PB 0x0000000086200000| Untracked |  0
|  25|0x0000000086300000, 0x0000000086300000, 0x0000000086400000|  0%| F|  |TAMS 0x0000000086300000| PB 0x0000000086300000| Untracked |  0
|  26|0x0000000086400000, 0x0000000086400000, 0x0000000086500000|  0%| F|  |TAMS 0x0000000086400000| PB 0x0000000086400000| Untracked |  0
|  27|0x0000000086500000, 0x0000000086500000, 0x0000000086600000|  0%| F|  |TAMS 0x0000000086500000| PB 0x0000000086500000| Untracked |  0
|  28|0x0000000086600000, 0x0000000086600000, 0x0000000086700000|  0%| F|  |TAMS 0x0000000086600000| PB 0x0000000086600000| Untracked |  0
|  29|0x0000000086700000, 0x0000000086700000, 0x0000000086800000|  0%| F|  |TAMS 0x0000000086700000| PB 0x0000000086700000| Untracked |  0
|  30|0x0000000086800000, 0x0000000086800000, 0x0000000086900000|  0%| F|  |TAMS 0x0000000086800000| PB 0x0000000086800000| Untracked |  0
|  31|0x0000000086900000, 0x0000000086900000, 0x0000000086a00000|  0%| F|  |TAMS 0x0000000086900000| PB 0x0000000086900000| Untracked |  0
|  32|0x0000000086a00000, 0x0000000086a00000, 0x0000000086b00000|  0%| F|  |TAMS 0x0000000086a00000| PB 0x0000000086a00000| Untracked |  0
|  33|0x0000000086b00000, 0x0000000086b00000, 0x0000000086c00000|  0%| F|  |TAMS 0x0000000086b00000| PB 0x0000000086b00000| Untracked |  0
|  34|0x0000000086c00000, 0x0000000086c00000, 0x0000000086d00000|  0%| F|  |TAMS 0x0000000086c00000| PB 0x0000000086c00000| Untracked |  0
|  35|0x0000000086d00000, 0x0000000086d00000, 0x0000000086e00000|  0%| F|  |TAMS 0x0000000086d00000| PB 0x0000000086d00000| Untracked |  0
|  36|0x0000000086e00000, 0x0000000086e00000, 0x0000000086f00000|  0%| F|  |TAMS 0x0000000086e00000| PB 0x0000000086e00000| Untracked |  0
|  37|0x0000000086f00000, 0x0000000086f00000, 0x0000000087000000|  0%| F|  |TAMS 0x0000000086f00000| PB 0x0000000086f00000| Untracked |  0
|  38|0x0000000087000000, 0x0000000087000000, 0x0000000087100000|  0%| F|  |TAMS 0x0000000087000000| PB 0x0000000087000000| Untracked |  0
|  39|0x0000000087100000, 0x0000000087100000, 0x0000000087200000|  0%| F|  |TAMS 0x0000000087100000| PB 0x0000000087100000| Untracked |  0
|  40|0x0000000087200000, 0x0000000087200000, 0x0000000087300000|  0%| F|  |TAMS 0x0000000087200000| PB 0x0000000087200000| Untracked |  0
|  41|0x0000000087300000, 0x0000000087300000, 0x0000000087400000|  0%| F|  |TAMS 0x0000000087300000| PB 0x0000000087300000| Untracked |  0
|  42|0x0000000087400000, 0x0000000087400000, 0x0000000087500000|  0%| F|  |TAMS 0x0000000087400000| PB 0x0000000087400000| Untracked |  0
|  43|0x0000000087500000, 0x0000000087500000, 0x0000000087600000|  0%| F|  |TAMS 0x0000000087500000| PB 0x0000000087500000| Untracked |  0
|  44|0x0000000087600000, 0x0000000087600000, 0x0000000087700000|  0%| F|  |TAMS 0x0000000087600000| PB 0x0000000087600000| Untracked |  0
|  45|0x0000000087700000, 0x0000000087700000, 0x0000000087800000|  0%| F|  |TAMS 0x0000000087700000| PB 0x0000000087700000| Untracked |  0
|  46|0x0000000087800000, 0x0000000087800000, 0x0000000087900000|  0%| F|  |TAMS 0x0000000087800000| PB 0x0000000087800000| Untracked |  0
|  47|0x0000000087900000, 0x0000000087900000, 0x0000000087a00000|  0%| F|  |TAMS 0x0000000087900000| PB 0x0000000087900000| Untracked |  0
|  48|0x0000000087a00000, 0x0000000087a00000, 0x0000000087b00000|  0%| F|  |TAMS 0x0000000087a00000| PB 0x0000000087a00000| Untracked |  0
|  49|0x0000000087b00000, 0x0000000087b00000, 0x0000000087c00000|  0%| F|  |TAMS 0x0000000087b00000| PB 0x0000000087b00000| Untracked |  0
|  50|0x0000000087c00000, 0x0000000087c00000, 0x0000000087d00000|  0%| F|  |TAMS 0x0000000087c00000| PB 0x0000000087c00000| Untracked |  0
|  51|0x0000000087d00000, 0x0000000087d00000, 0x0000000087e00000|  0%| F|  |TAMS 0x0000000087d00000| PB 0x0000000087d00000| Untracked |  0
|  52|0x0000000087e00000, 0x0000000087e00000, 0x0000000087f00000|  0%| F|  |TAMS 0x0000000087e00000| PB 0x0000000087e00000| Untracked |  0
|  53|0x0000000087f00000, 0x0000000087f00000, 0x0000000088000000|  0%| F|  |TAMS 0x0000000087f00000| PB 0x0000000087f00000| Untracked |  0
|  54|0x0000000088000000, 0x0000000088000000, 0x0000000088100000|  0%| F|  |TAMS 0x0000000088000000| PB 0x0000000088000000| Untracked |  0
|  55|0x0000000088100000, 0x0000000088100000, 0x0000000088200000|  0%| F|  |TAMS 0x0000000088100000| PB 0x0000000088100000| Untracked |  0
|  56|0x0000000088200000, 0x0000000088200000, 0x0000000088300000|  0%| F|  |TAMS 0x0000000088200000| PB 0x0000000088200000| Untracked |  0
|  57|0x0000000088300000, 0x0000000088300000, 0x0000000088400000|  0%| F|  |TAMS 0x0000000088300000| PB 0x0000000088300000| Untracked |  0
|  58|0x0000000088400000, 0x0000000088400000, 0x0000000088500000|  0%| F|  |TAMS 0x0000000088400000| PB 0x0000000088400000| Untracked |  0
|  59|0x0000000088500000, 0x0000000088500000, 0x0000000088600000|  0%| F|  |TAMS 0x0000000088500000| PB 0x0000000088500000| Untracked |  0
|  60|0x0000000088600000, 0x0000000088600000, 0x0000000088700000|  0%| F|  |TAMS 0x0000000088600000| PB 0x0000000088600000| Untracked |  0
|  61|0x0000000088700000, 0x0000000088700000, 0x0000000088800000|  0%| F|  |TAMS 0x0000000088700000| PB 0x0000000088700000| Untracked |  0
|  62|0x0000000088800000, 0x0000000088800000, 0x0000000088900000|  0%| F|  |TAMS 0x0000000088800000| PB 0x0000000088800000| Untracked |  0
|  63|0x0000000088900000, 0x0000000088900000, 0x0000000088a00000|  0%| F|  |TAMS 0x0000000088900000| PB 0x0000000088900000| Untracked |  0
|  64|0x0000000088a00000, 0x0000000088a00000, 0x0000000088b00000|  0%| F|  |TAMS 0x0000000088a00000| PB 0x0000000088a00000| Untracked |  0
|  65|0x0000000088b00000, 0x0000000088b00000, 0x0000000088c00000|  0%| F|  |TAMS 0x0000000088b00000| PB 0x0000000088b00000| Untracked |  0
|  66|0x0000000088c00000, 0x0000000088c00000, 0x0000000088d00000|  0%| F|  |TAMS 0x0000000088c00000| PB 0x0000000088c00000| Untracked |  0
|  67|0x0000000088d00000, 0x0000000088d00000, 0x0000000088e00000|  0%| F|  |TAMS 0x0000000088d00000| PB 0x0000000088d00000| Untracked |  0
|  68|0x0000000088e00000, 0x0000000088e00000, 0x0000000088f00000|  0%| F|  |TAMS 0x0000000088e00000| PB 0x0000000088e00000| Untracked |  0
|  69|0x0000000088f00000, 0x0000000088f00000, 0x0000000089000000|  0%| F|  |TAMS 0x0000000088f00000| PB 0x0000000088f00000| Untracked |  0
|  70|0x0000000089000000, 0x0000000089000000, 0x0000000089100000|  0%| F|  |TAMS 0x0000000089000000| PB 0x0000000089000000| Untracked |  0
|  71|0x0000000089100000, 0x0000000089100000, 0x0000000089200000|  0%| F|  |TAMS 0x0000000089100000| PB 0x0000000089100000| Untracked |  0
|  72|0x0000000089200000, 0x0000000089200000, 0x0000000089300000|  0%| F|  |TAMS 0x0000000089200000| PB 0x0000000089200000| Untracked |  0
|  73|0x0000000089300000, 0x0000000089300000, 0x0000000089400000|  0%| F|  |TAMS 0x0000000089300000| PB 0x0000000089300000| Untracked |  0
|  74|0x0000000089400000, 0x0000000089400000, 0x0000000089500000|  0%| F|  |TAMS 0x0000000089400000| PB 0x0000000089400000| Untracked |  0
|  75|0x0000000089500000, 0x0000000089500000, 0x0000000089600000|  0%| F|  |TAMS 0x0000000089500000| PB 0x0000000089500000| Untracked |  0
|  76|0x0000000089600000, 0x0000000089600000, 0x0000000089700000|  0%| F|  |TAMS 0x0000000089600000| PB 0x0000000089600000| Untracked |  0
|  77|0x0000000089700000, 0x0000000089700000, 0x0000000089800000|  0%| F|  |TAMS 0x0000000089700000| PB 0x0000000089700000| Untracked |  0
|  78|0x0000000089800000, 0x0000000089800000, 0x0000000089900000|  0%| F|  |TAMS 0x0000000089800000| PB 0x0000000089800000| Untracked |  0
|  79|0x0000000089900000, 0x0000000089900000, 0x0000000089a00000|  0%| F|  |TAMS 0x0000000089900000| PB 0x0000000089900000| Untracked |  0
|  80|0x0000000089a00000, 0x0000000089a00000, 0x0000000089b00000|  0%| F|  |TAMS 0x0000000089a00000| PB 0x0000000089a00000| Untracked |  0
|  81|0x0000000089b00000, 0x0000000089b00000, 0x0000000089c00000|  0%| F|  |TAMS 0x0000000089b00000| PB 0x0000000089b00000| Untracked |  0
|  82|0x0000000089c00000, 0x0000000089c00000, 0x0000000089d00000|  0%| F|  |TAMS 0x0000000089c00000| PB 0x0000000089c00000| Untracked |  0
|  83|0x0000000089d00000, 0x0000000089d00000, 0x0000000089e00000|  0%| F|  |TAMS 0x0000000089d00000| PB 0x0000000089d00000| Untracked |  0
|  84|0x0000000089e00000, 0x0000000089e00000, 0x0000000089f00000|  0%| F|  |TAMS 0x0000000089e00000| PB 0x0000000089e00000| Untracked |  0
|  85|0x0000000089f00000, 0x0000000089f00000, 0x000000008a000000|  0%| F|  |TAMS 0x0000000089f00000| PB 0x0000000089f00000| Untracked |  0
|  86|0x000000008a000000, 0x000000008a000000, 0x000000008a100000|  0%| F|  |TAMS 0x000000008a000000| PB 0x000000008a000000| Untracked |  0
|  87|0x000000008a100000, 0x000000008a100000, 0x000000008a200000|  0%| F|  |TAMS 0x000000008a100000| PB 0x000000008a100000| Untracked |  0
|  88|0x000000008a200000, 0x000000008a200000, 0x000000008a300000|  0%| F|  |TAMS 0x000000008a200000| PB 0x000000008a200000| Untracked |  0
|  89|0x000000008a300000, 0x000000008a300000, 0x000000008a400000|  0%| F|  |TAMS 0x000000008a300000| PB 0x000000008a300000| Untracked |  0
|  90|0x000000008a400000, 0x000000008a400000, 0x000000008a500000|  0%| F|  |TAMS 0x000000008a400000| PB 0x000000008a400000| Untracked |  0
|  91|0x000000008a500000, 0x000000008a500000, 0x000000008a600000|  0%| F|  |TAMS 0x000000008a500000| PB 0x000000008a500000| Untracked |  0
|  92|0x000000008a600000, 0x000000008a600000, 0x000000008a700000|  0%| F|  |TAMS 0x000000008a600000| PB 0x000000008a600000| Untracked |  0
|  93|0x000000008a700000, 0x000000008a700000, 0x000000008a800000|  0%| F|  |TAMS 0x000000008a700000| PB 0x000000008a700000| Untracked |  0
|  94|0x000000008a800000, 0x000000008a800000, 0x000000008a900000|  0%| F|  |TAMS 0x000000008a800000| PB 0x000000008a800000| Untracked |  0
|  95|0x000000008a900000, 0x000000008a900000, 0x000000008aa00000|  0%| F|  |TAMS 0x000000008a900000| PB 0x000000008a900000| Untracked |  0
|  96|0x000000008aa00000, 0x000000008aa00000, 0x000000008ab00000|  0%| F|  |TAMS 0x000000008aa00000| PB 0x000000008aa00000| Untracked |  0
|  97|0x000000008ab00000, 0x000000008ab00000, 0x000000008ac00000|  0%| F|  |TAMS 0x000000008ab00000| PB 0x000000008ab00000| Untracked |  0
|  98|0x000000008ac00000, 0x000000008ac00000, 0x000000008ad00000|  0%| F|  |TAMS 0x000000008ac00000| PB 0x000000008ac00000| Untracked |  0
|  99|0x000000008ad00000, 0x000000008ad00000, 0x000000008ae00000|  0%| F|  |TAMS 0x000000008ad00000| PB 0x000000008ad00000| Untracked |  0
| 100|0x000000008ae00000, 0x000000008ae00000, 0x000000008af00000|  0%| F|  |TAMS 0x000000008ae00000| PB 0x000000008ae00000| Untracked |  0
| 101|0x000000008af00000, 0x000000008af00000, 0x000000008b000000|  0%| F|  |TAMS 0x000000008af00000| PB 0x000000008af00000| Untracked |  0
| 102|0x000000008b000000, 0x000000008b000000, 0x000000008b100000|  0%| F|  |TAMS 0x000000008b000000| PB 0x000000008b000000| Untracked |  0
| 103|0x000000008b100000, 0x000000008b100000, 0x000000008b200000|  0%| F|  |TAMS 0x000000008b100000| PB 0x000000008b100000| Untracked |  0
| 104|0x000000008b200000, 0x000000008b200000, 0x000000008b300000|  0%| F|  |TAMS 0x000000008b200000| PB 0x000000008b200000| Untracked |  0
| 105|0x000000008b300000, 0x000000008b300000, 0x000000008b400000|  0%| F|  |TAMS 0x000000008b300000| PB 0x000000008b300000| Untracked |  0
| 106|0x000000008b400000, 0x000000008b400000, 0x000000008b500000|  0%| F|  |TAMS 0x000000008b400000| PB 0x000000008b400000| Untracked |  0
| 107|0x000000008b500000, 0x000000008b500000, 0x000000008b600000|  0%| F|  |TAMS 0x000000008b500000| PB 0x000000008b500000| Untracked |  0
| 108|0x000000008b600000, 0x000000008b600000, 0x000000008b700000|  0%| F|  |TAMS 0x000000008b600000| PB 0x000000008b600000| Untracked |  0
| 109|0x000000008b700000, 0x000000008b700000, 0x000000008b800000|  0%| F|  |TAMS 0x000000008b700000| PB 0x000000008b700000| Untracked |  0
| 110|0x000000008b800000, 0x000000008b800000, 0x000000008b900000|  0%| F|  |TAMS 0x000000008b800000| PB 0x000000008b800000| Untracked |  0
| 111|0x000000008b900000, 0x000000008b900000, 0x000000008ba00000|  0%| F|  |TAMS 0x000000008b900000| PB 0x000000008b900000| Untracked |  0
| 112|0x000000008ba00000, 0x000000008ba00000, 0x000000008bb00000|  0%| F|  |TAMS 0x000000008ba00000| PB 0x000000008ba00000| Untracked |  0
| 113|0x000000008bb00000, 0x000000008bb00000, 0x000000008bc00000|  0%| F|  |TAMS 0x000000008bb00000| PB 0x000000008bb00000| Untracked |  0
| 114|0x000000008bc00000, 0x000000008bc00000, 0x000000008bd00000|  0%| F|  |TAMS 0x000000008bc00000| PB 0x000000008bc00000| Untracked |  0
| 115|0x000000008bd00000, 0x000000008bd00000, 0x000000008be00000|  0%| F|  |TAMS 0x000000008bd00000| PB 0x000000008bd00000| Untracked |  0
| 116|0x000000008be00000, 0x000000008be00000, 0x000000008bf00000|  0%| F|  |TAMS 0x000000008be00000| PB 0x000000008be00000| Untracked |  0
| 117|0x000000008bf00000, 0x000000008bf00000, 0x000000008c000000|  0%| F|  |TAMS 0x000000008bf00000| PB 0x000000008bf00000| Untracked |  0
| 118|0x000000008c000000, 0x000000008c000000, 0x000000008c100000|  0%| F|  |TAMS 0x000000008c000000| PB 0x000000008c000000| Untracked |  0
| 119|0x000000008c100000, 0x000000008c100000, 0x000000008c200000|  0%| F|  |TAMS 0x000000008c100000| PB 0x000000008c100000| Untracked |  0
| 120|0x000000008c200000, 0x000000008c300000, 0x000000008c300000|100%| E|  |TAMS 0x000000008c200000| PB 0x000000008c200000| Complete |  0
| 121|0x000000008c300000, 0x000000008c400000, 0x000000008c400000|100%| E|CS|TAMS 0x000000008c300000| PB 0x000000008c300000| Complete |  0
| 122|0x000000008c400000, 0x000000008c500000, 0x000000008c500000|100%| E|CS|TAMS 0x000000008c400000| PB 0x000000008c400000| Complete |  0
| 123|0x000000008c500000, 0x000000008c600000, 0x000000008c600000|100%| E|CS|TAMS 0x000000008c500000| PB 0x000000008c500000| Complete |  0

Card table byte_map: [0x000002499b980000,0x000002499bd60000] _byte_map_base: 0x000002499b55b000

Marking Bits: (CMBitMap*) 0x0000024987ec5750
 Bits: [0x000002499bd60000, 0x000002499dc38000)

Polling page: 0x0000024987640000

Metaspace:
Metaspace        used 10522K, committed 10688K, reserved 1114112K
 class space     used 928K, committed 1024K, reserved 1048576K

Usage:
  Non-class:      9.37 MB used.
      Class:    928.73 KB used.
       Both:     10.28 MB used.

Virtual space:
  Non-class space:       64.00 MB reserved,       9.44 MB ( 15%) committed,  1 nodes.
      Class space:        1.00 GB reserved,       1.00 MB ( <1%) committed,  1 nodes.
             Both:        1.06 GB reserved,      10.44 MB ( <1%) committed. 

Chunk freelists:
   Non-Class:  6.50 MB
       Class:  15.06 MB
        Both:  21.55 MB

MaxMetaspaceSize: unlimited
CompressedClassSpaceSize: 1.00 GB
Initial GC threshold: 21.00 MB
Current GC threshold: 21.00 MB
CDS: off
 - commit_granule_bytes: 65536.
 - commit_granule_words: 8192.
 - virtual_space_node_default_size: 8388608.
 - enlarge_chunks_in_place: 1.
UseCompressedClassPointers 1, UseCompactObjectHeaders 0
Narrow klass pointer bits 32, Max shift 3
Narrow klass base: 0x0000000000000000, Narrow klass shift: 0
Encoding Range: [0x0000000000000000 - 0x0000000100000000), (4294967296 bytes)
Klass Range:    [0x000000003a000000 - 0x000000007a000000), (1073741824 bytes)
Klass ID Range:  [973078528 - 2046820345) (1073741817)
No protection zone.


Internal statistics:

num_allocs_failed_limit: 0.
num_arena_births: 6.
num_arena_deaths: 0.
num_vsnodes_births: 2.
num_vsnodes_deaths: 0.
num_space_committed: 167.
num_space_uncommitted: 0.
num_chunks_returned_to_freelist: 0.
num_chunks_taken_from_freelist: 22.
num_chunk_merges: 0.
num_chunk_splits: 12.
num_chunks_enlarged: 7.
num_inconsistent_stats: 0.

CodeHeap 'non-profiled nmethods': size=120064Kb used=85Kb max_used=85Kb free=119978Kb
 bounds [0x0000024993d30000, 0x0000024993fa0000, 0x000002499b270000]
CodeHeap 'profiled nmethods': size=120000Kb used=306Kb max_used=306Kb free=119693Kb
 bounds [0x000002498c270000, 0x000002498c4e0000, 0x00000249937a0000]
CodeHeap 'non-nmethods': size=5696Kb used=1432Kb max_used=1433Kb free=4263Kb
 bounds [0x00000249937a0000, 0x0000024993a10000, 0x0000024993d30000]
CodeCache: size=245760Kb, used=1823Kb, max_used=1824Kb, free=243934Kb
 total_blobs=768, nmethods=317, adapters=354, full_count=0
Compilation: enabled, stopped_count=0, restarted_count=0

Compilation events (20 events):
Event: 0.466 Thread 0x00000249a0682fa0  267       3       java.util.HashMap::entrySet (27 bytes)
Event: 0.466 Thread 0x00000249a0682fa0 nmethod 267 0x000002498c2af588 code [0x000002498c2af680, 0x000002498c2afae0]
Event: 0.466 Thread 0x00000249a0682fa0  266       1       sun.security.util.KnownOIDs::aliases (5 bytes)
Event: 0.466 Thread 0x00000249a0682fa0 nmethod 266 0x0000024993d43108 code [0x0000024993d43200, 0x0000024993d432c8]
Event: 0.466 Thread 0x00000249a0682fa0  268       3       java.util.Arrays::copyOf (40 bytes)
Event: 0.467 Thread 0x00000249a06815e0  269       4       java.util.concurrent.ConcurrentHashMap::setTabAt (19 bytes)
Event: 0.467 Thread 0x00000249a0682fa0 nmethod 268 0x000002498c2afb08 code [0x000002498c2afc00, 0x000002498c2b01d8]
Event: 0.467 Thread 0x00000249a0682fa0  270       3       java.util.ArrayList::iterator (9 bytes)
Event: 0.467 Thread 0x00000249a0682fa0 nmethod 270 0x000002498c2b0208 code [0x000002498c2b0300, 0x000002498c2b05f0]
Event: 0.467 Thread 0x00000249a0682fa0  271       3       java.util.ArrayList$Itr::<init> (31 bytes)
Event: 0.467 Thread 0x00000249a06815e0 nmethod 269 0x0000024993d43408 code [0x0000024993d43500, 0x0000024993d43660]
Event: 0.467 Thread 0x00000249a0682fa0 nmethod 271 0x000002498c2b0608 code [0x000002498c2b0700, 0x000002498c2b0a20]
Event: 0.467 Thread 0x00000249a0682fa0  272       3       java.util.Collections::emptyIterator (4 bytes)
Event: 0.467 Thread 0x00000249a0682fa0 nmethod 272 0x000002498c2b0a88 code [0x000002498c2b0b80, 0x000002498c2b0c70]
Event: 0.468 Thread 0x00000249a0682fa0  273       3       java.security.Provider::checkInitialized (16 bytes)
Event: 0.468 Thread 0x00000249a0682fa0 nmethod 273 0x000002498c2b0d88 code [0x000002498c2b0e80, 0x000002498c2b1080]
Event: 0.468 Thread 0x00000249a0682fa0  274       3       java.security.Provider$Service::<init> (200 bytes)
Event: 0.468 Thread 0x00000249a06815e0  276       4       java.lang.String::hashCode (60 bytes)
Event: 0.470 Thread 0x00000249a0682fa0 nmethod 274 0x000002498c2b1088 code [0x000002498c2b1180, 0x000002498c2b2b08]
Event: 0.470 Thread 0x00000249a0682fa0  278       3       java.util.Collections$EmptyList::iterator (4 bytes)

GC Heap Usage History (0 events):
No events

Metaspace Usage History (0 events):
No events

Dll operation events (2 events):
Event: 0.017 Loaded shared library D:\Program File\IntelliJ IDEA 2026.1.2\jbr\bin\java.dll
Event: 0.028 Loaded shared library D:\Program File\IntelliJ IDEA 2026.1.2\jbr\bin\zip.dll

Deoptimization events (4 events):
Event: 0.316 Thread 0x0000024985c8fd70 Uncommon trap: trap_request=0xffffff45 fr.pc=0x0000024993d353fc relative=0x000000000000027c
Event: 0.316 Thread 0x0000024985c8fd70 Uncommon trap: reason=unstable_if action=reinterpret pc=0x0000024993d353fc method=java.lang.String.hashCode()I @ 13 c2
Event: 0.316 Thread 0x0000024985c8fd70 DEOPT PACKING pc=0x0000024993d353fc sp=0x0000007571ffbd00
Event: 0.316 Thread 0x0000024985c8fd70 DEOPT UNPACKING pc=0x00000249938cc082 sp=0x0000007571ffbc98 mode 2

Classes loaded (20 events):
Event: 0.459 Loading class sun/security/ssl/SSLCipher$NullWriteCipherGenerator
Event: 0.459 Loading class sun/security/ssl/SSLCipher$WriteCipherGenerator
Event: 0.459 Loading class sun/security/ssl/SSLCipher$WriteCipherGenerator done
Event: 0.459 Loading class sun/security/ssl/SSLCipher$NullWriteCipherGenerator done
Event: 0.459 Loading class sun/security/ssl/SSLCipher$StreamReadCipherGenerator
Event: 0.459 Loading class sun/security/ssl/SSLCipher$StreamReadCipherGenerator done
Event: 0.459 Loading class sun/security/ssl/SSLCipher$StreamWriteCipherGenerator
Event: 0.459 Loading class sun/security/ssl/SSLCipher$StreamWriteCipherGenerator done
Event: 0.459 Loading class javax/crypto/Cipher
Event: 0.460 Loading class javax/crypto/Cipher done
Event: 0.461 Loading class javax/crypto/Cipher$Transform
Event: 0.461 Loading class javax/crypto/Cipher$Transform done
Event: 0.461 Loading class java/util/Collections$1
Event: 0.461 Loading class java/util/Collections$1 done
Event: 0.461 Loading class sun/security/jca/ServiceId
Event: 0.461 Loading class sun/security/jca/ServiceId done
Event: 0.461 Loading class sun/security/jca/ProviderList$ServiceIterator
Event: 0.461 Loading class sun/security/jca/ProviderList$ServiceIterator done
Event: 0.461 Loading class com/sun/crypto/provider/SunJCE
Event: 0.462 Loading class com/sun/crypto/provider/SunJCE done

Classes unloaded (0 events):
No events

Classes redefined (0 events):
No events

Internal exceptions (0 events):
No events

VM Operations (4 events):
Event: 0.251 Executing non-safepoint VM operation: HandshakeAllThreads (Deoptimize)
Event: 0.251 Executing non-safepoint VM operation: HandshakeAllThreads (Deoptimize) done
Event: 0.323 Executing non-safepoint VM operation: HandshakeAllThreads (Deoptimize)
Event: 0.323 Executing non-safepoint VM operation: HandshakeAllThreads (Deoptimize) done

Memory protections (0 events):
No events

Nmethod flushes (0 events):
No events

Events (14 events):
Event: 0.025 Thread 0x0000024985c8fd70 Thread added: 0x0000024985c8fd70
Event: 0.126 Thread 0x0000024985c8fd70 Thread added: 0x00000249a064ec50
Event: 0.140 Thread 0x0000024985c8fd70 Thread added: 0x00000249a0679c80
Event: 0.140 Thread 0x0000024985c8fd70 Thread added: 0x00000249a067a840
Event: 0.142 Thread 0x0000024985c8fd70 Thread added: 0x00000249a067bfb0
Event: 0.142 Thread 0x0000024985c8fd70 Thread added: 0x00000249a067cd50
Event: 0.142 Thread 0x0000024985c8fd70 Thread added: 0x00000249a067d910
Event: 0.142 Thread 0x0000024985c8fd70 Thread added: 0x00000249a06804e0
Event: 0.142 Thread 0x0000024985c8fd70 Thread added: 0x00000249a06815e0
Event: 0.142 Thread 0x0000024985c8fd70 Thread added: 0x00000249a0682fa0
Event: 0.203 Thread 0x0000024985c8fd70 Thread added: 0x00000249a09443d0
Event: 0.226 Loaded shared library D:\Program File\IntelliJ IDEA 2026.1.2\jbr\bin\net.dll
Event: 0.229 Loaded shared library D:\Program File\IntelliJ IDEA 2026.1.2\jbr\bin\nio.dll
Event: 0.245 Loaded shared library D:\Program File\IntelliJ IDEA 2026.1.2\jbr\bin\zip.dll


Dynamic libraries:
0x00007ff686c90000 - 0x00007ff686c9a000 	D:\Program File\IntelliJ IDEA 2026.1.2\jbr\bin\java.exe
0x00007fff45c70000 - 0x00007fff45e88000 	C:\WINDOWS\SYSTEM32\ntdll.dll
0x00007fff45040000 - 0x00007fff45104000 	C:\WINDOWS\System32\KERNEL32.DLL
0x00007fff43100000 - 0x00007fff434d3000 	C:\WINDOWS\System32\KERNELBASE.dll
0x00007fff42f20000 - 0x00007fff43031000 	C:\WINDOWS\System32\ucrtbase.dll
0x00007fff3be70000 - 0x00007fff3be8e000 	D:\Program File\IntelliJ IDEA 2026.1.2\jbr\bin\VCRUNTIME140.dll
0x00007fff02f20000 - 0x00007fff02f37000 	D:\Program File\IntelliJ IDEA 2026.1.2\jbr\bin\jli.dll
0x00007fff45910000 - 0x00007fff45ac2000 	C:\WINDOWS\System32\USER32.dll
0x00007fff43860000 - 0x00007fff43886000 	C:\WINDOWS\System32\win32u.dll
0x00007fff45810000 - 0x00007fff45839000 	C:\WINDOWS\System32\GDI32.dll
0x00007fff29c90000 - 0x00007fff29f2c000 	C:\WINDOWS\WinSxS\amd64_microsoft.windows.common-controls_6595b64144ccf1df_6.0.22621.6060_none_2712eda17382d24b\COMCTL32.dll
0x00007fff42d80000 - 0x00007fff42e9b000 	C:\WINDOWS\System32\gdi32full.dll
0x00007fff439e0000 - 0x00007fff43a87000 	C:\WINDOWS\System32\msvcrt.dll
0x00007fff43650000 - 0x00007fff436ea000 	C:\WINDOWS\System32\msvcp_win.dll
0x00007fff45110000 - 0x00007fff45141000 	C:\WINDOWS\System32\IMM32.DLL
0x00007fff3be90000 - 0x00007fff3be9c000 	D:\Program File\IntelliJ IDEA 2026.1.2\jbr\bin\vcruntime140_1.dll
0x00007fff0a530000 - 0x00007fff0a5b9000 	D:\Program File\IntelliJ IDEA 2026.1.2\jbr\bin\msvcp140.dll
0x00007ffebfe30000 - 0x00007ffec0d82000 	D:\Program File\IntelliJ IDEA 2026.1.2\jbr\bin\server\jvm.dll
0x00007fff44910000 - 0x00007fff449c1000 	C:\WINDOWS\System32\ADVAPI32.dll
0x00007fff45840000 - 0x00007fff458e8000 	C:\WINDOWS\System32\sechost.dll
0x00007fff43830000 - 0x00007fff43858000 	C:\WINDOWS\System32\bcrypt.dll
0x00007fff44a70000 - 0x00007fff44b88000 	C:\WINDOWS\System32\RPCRT4.dll
0x00007fff44c90000 - 0x00007fff44d01000 	C:\WINDOWS\System32\WS2_32.dll
0x00007fff41ed0000 - 0x00007fff41f1d000 	C:\WINDOWS\SYSTEM32\POWRPROF.dll
0x00007fff3bd30000 - 0x00007fff3bd64000 	C:\WINDOWS\SYSTEM32\WINMM.dll
0x00007fff38730000 - 0x00007fff3873a000 	C:\WINDOWS\SYSTEM32\VERSION.dll
0x00007fff41eb0000 - 0x00007fff41ec3000 	C:\WINDOWS\SYSTEM32\UMPDC.dll
0x00007fff41d90000 - 0x00007fff41da8000 	C:\WINDOWS\SYSTEM32\kernel.appcore.dll
0x00007fff3be60000 - 0x00007fff3be6a000 	D:\Program File\IntelliJ IDEA 2026.1.2\jbr\bin\jimage.dll
0x00007fff404a0000 - 0x00007fff406d3000 	C:\WINDOWS\SYSTEM32\DBGHELP.DLL
0x00007fff45460000 - 0x00007fff457f1000 	C:\WINDOWS\System32\combase.dll
0x00007fff43f10000 - 0x00007fff43fe8000 	C:\WINDOWS\System32\OLEAUT32.dll
0x00007fff26e10000 - 0x00007fff26e42000 	C:\WINDOWS\SYSTEM32\dbgcore.DLL
0x00007fff42ea0000 - 0x00007fff42f1b000 	C:\WINDOWS\System32\bcryptPrimitives.dll
0x00007fff3be40000 - 0x00007fff3be5f000 	D:\Program File\IntelliJ IDEA 2026.1.2\jbr\bin\java.dll
0x00007fff45150000 - 0x00007fff452f1000 	C:\WINDOWS\System32\ole32.dll
0x00007fff44070000 - 0x00007fff4490c000 	C:\WINDOWS\System32\SHELL32.dll
0x00007fff436f0000 - 0x00007fff4382f000 	C:\WINDOWS\System32\wintypes.dll
0x00007fff3be20000 - 0x00007fff3be37000 	D:\Program File\IntelliJ IDEA 2026.1.2\jbr\bin\zip.dll
0x00007fff40c30000 - 0x00007fff4154a000 	C:\WINDOWS\SYSTEM32\windows.storage.dll
0x00007fff44ed0000 - 0x00007fff44fd4000 	C:\WINDOWS\System32\SHCORE.dll
0x00007fff44b90000 - 0x00007fff44bf9000 	C:\WINDOWS\System32\shlwapi.dll
0x00007fff42cb0000 - 0x00007fff42cd5000 	C:\WINDOWS\SYSTEM32\profapi.dll
0x00007fff3be00000 - 0x00007fff3be12000 	D:\Program File\IntelliJ IDEA 2026.1.2\jbr\bin\net.dll
0x00007fff422e0000 - 0x00007fff42349000 	C:\WINDOWS\system32\mswsock.dll
0x00007fff3bde0000 - 0x00007fff3bdf6000 	D:\Program File\IntelliJ IDEA 2026.1.2\jbr\bin\nio.dll

JVMTI agents: none

dbghelp: loaded successfully - version: 4.0.5 - missing functions: none
symbol engine: initialized successfully - sym options: 0x614 - pdb path: .;D:\Program File\IntelliJ IDEA 2026.1.2\jbr\bin;C:\WINDOWS\SYSTEM32;C:\WINDOWS\WinSxS\amd64_microsoft.windows.common-controls_6595b64144ccf1df_6.0.22621.6060_none_2712eda17382d24b;D:\Program File\IntelliJ IDEA 2026.1.2\jbr\bin\server

VM Arguments:
java_command: git4idea.http.GitAskPassApp Username for 'https://github.com': 
java_class_path (initial): D:/Program File/IntelliJ IDEA 2026.1.2/plugins/vcs-git/lib/git4idea-rt.jar;D:/Program File/IntelliJ IDEA 2026.1.2/lib/externalProcess-rt.jar
Launcher Type: SUN_STANDARD

[Global flags]
     intx CICompilerCount                          = 4                                         {product} {ergonomic}
     uint ConcGCThreads                            = 2                                         {product} {ergonomic}
     uint G1ConcRefinementThreads                  = 8                                         {product} {ergonomic}
   size_t G1HeapRegionSize                         = 1048576                                   {product} {ergonomic}
   size_t InitialHeapSize                          = 130023424                                 {product} {ergonomic}
   size_t MarkStackSize                            = 4194304                                   {product} {ergonomic}
   size_t MarkStackSizeMax                         = 536870912                                 {product} {ergonomic}
   size_t MaxHeapSize                              = 2069889024                                {product} {ergonomic}
   size_t MaxNewSize                               = 1241513984                                {product} {ergonomic}
   size_t MinHeapDeltaBytes                        = 1048576                                   {product} {ergonomic}
   size_t MinHeapSize                              = 8388608                                   {product} {ergonomic}
    uintx NonNMethodCodeHeapSize                   = 5832704                                {pd product} {ergonomic}
    uintx NonProfiledCodeHeapSize                  = 122945536                              {pd product} {ergonomic}
    uintx ProfiledCodeHeapSize                     = 122880000                              {pd product} {ergonomic}
    uintx ReservedCodeCacheSize                    = 251658240                              {pd product} {ergonomic}
     bool SegmentedCodeCache                       = true                                      {product} {ergonomic}
   size_t SoftMaxHeapSize                          = 2069889024                             {manageable} {ergonomic}
     bool UseCompressedOops                        = true                           {product lp64_product} {ergonomic}
     bool UseG1GC                                  = true                                      {product} {ergonomic}
     bool UseLargePagesIndividualAllocation        = false                                  {pd product} {ergonomic}

Logging:
Log output configuration:
 #0: stdout all=warning uptime,level,tags foldmultilines=false
 #1: stderr all=off uptime,level,tags foldmultilines=false

Release file:
JAVA_VERSION="25.0.2" 
MODULES="java.base java.datatransfer java.xml java.prefs java.desktop gluegen.rt java.compiler java.instrument java.logging java.management java.security.sasl java.naming java.rmi java.management.rmi java.net.http java.scripting java.security.jgss java.transaction.xa java.sql java.sql.rowset java.xml.crypto java.se java.smartcardio jogl.all jcef jdk.accessibility jdk.internal.jvmstat jdk.attach jdk.charsets jdk.internal.opt jdk.zipfs jdk.compiler jdk.crypto.cryptoki jdk.crypto.ec jdk.crypto.mscapi jdk.dynalink jdk.hotspot.agent jdk.httpserver jdk.internal.ed jdk.internal.le jdk.internal.md jdk.internal.vm.ci jdk.javadoc jdk.jcmd jdk.jdwp.agent jdk.jdi jdk.jfr jdk.localedata jdk.management jdk.management.agent jdk.management.jfr jdk.naming.dns jdk.naming.rmi jdk.net jdk.sctp jdk.security.auth jdk.security.jgss jdk.unsupported jdk.unsupported.desktop jdk.xml.dom" 
IMPLEMENTOR="JetBrains s.r.o." 
IMPLEMENTOR_VERSION="JBR-25.0.2+1-329.117-jcef" 
JAVA_RUNTIME_VERSION="25.0.2+1-b329.117" 
LIBC="default" 
OS_ARCH="x86_64" 
OS_NAME="Windows" 
SOURCE=".:git:b692a8ec6ff7+ jcef_git:git:4a605f44671a" 
JCEF_VERSION="137.0.17.1142+g68de80b" 
JCEF_COMMIT_HASH="68de80bc86de497c8d0632ad0f8fe33625b33bff" 
JCEF_VERSION_DETAILED=137.0.17-gf354b0e-chromium-137.0.7151.104-api-1.21-261-b81

Environment Variables:
JAVA_HOME=D:\Program File\jdk\temurin-21.0.11
PATH=D:/Program File/Git/mingw64/libexec/git-core;D:/Program File/Git/mingw64/libexec/git-core;D:\Program File\Git\mingw64\bin;D:\Program File\Git\usr\bin;C:\Users\ADMIN\bin;D:\Program File\bin;D:\Program File\\bin;C:\WINDOWS\system32;C:\WINDOWS;C:\WINDOWS\System32\Wbem;C:\WINDOWS\System32\WindowsPowerShell\v1.0\;C:\WINDOWS\System32\OpenSSH\;C:\Program Files\dotnet\;D:\Program File\WinMerge;C:\Program Files\Microsoft SQL Server\Client SDK\ODBC\170\Tools\Binn\;C:\Program Files (x86)\Microsoft SQL Server\150\Tools\Binn\;C:\Program Files\Microsoft SQL Server\150\Tools\Binn\;C:\Program Files\Microsoft SQL Server\150\DTS\Binn\;C:\Program Files\Azure Data Studio\bin;C:\Program Files (x86)\Microsoft SQL Server\160\DTS\Binn\;C:\Users\ADMIN\AppData\Local\Microsoft\WindowsApps;C:\Users\ADMIN\.dotnet\tools;C:\Users\ADMIN\AppData\Local\Programs\Microsoft VS Code\bin;D:\semester5\prn212\setup\dotnet;D:\Program File\Git\cmd;D:\Program File\node.js\;D:\Program File\jdk\temurin-21.0.11\bin;C:\Users\ADMIN\AppData\Local\Microsoft\WindowsApps;C:\Users\ADMIN\.dotnet\tools;C:\Users\ADMIN\AppData\Local\Programs\Microsoft VS Code\bin;C:\Program Files\Azure Data Studio\bin;D:\Program File\apache-maven-3.9.16\bin;D:\Program File\IntelliJ IDEA 2026.1.2\bin;C:\Users\ADMIN\AppData\Roaming\npm
USERNAME=ADMIN
DISPLAY=:0.0
LC_ALL=en_US.UTF-8
TERM=xterm-256color
TMPDIR=C:\Users\ADMIN\AppData\Local\Temp
OS=Windows_NT
PROCESSOR_IDENTIFIER=Intel64 Family 6 Model 140 Stepping 1, GenuineIntel
TMP=C:\Users\ADMIN\AppData\Local\Temp
TEMP=C:\Users\ADMIN\AppData\Local\Temp




Compilation memory statistics disabled.

Periodic native trim disabled

JNI global refs:
JNI global refs: 8, weak refs: 0

JNI global refs memory usage: 835, weak refs: 201

Process memory usage:
Resident Set Size: 46452K (0% of 8077612K total physical memory with 274380K free physical memory)

OOME stack traces (most recent first):
Classloader memory used:
Loader bootstrap                                                                       : 10619 K
Loader jdk.internal.loader.ClassLoaders$AppClassLoader                                 : 27328 B

---------------  S Y S T E M  ---------------

OS:
 Windows 11 , 64 bit Build 22621 (10.0.22621.5415)
OS uptime: 0 days 2:01 hours
Hyper-V role detected

CPU: total 8 (initial active 8) (4 cores per cpu, 2 threads per core) family 6 model 140 stepping 1 microcode 0x9a, cx8, cmov, fxsr, ht, mmx, 3dnowpref, sse, sse2, sse3, ssse3, sse4.1, sse4.2, popcnt, lzcnt, tsc, tscinvbit, avx, avx2, aes, erms, clmul, bmi1, bmi2, adx, avx512f, avx512dq, avx512cd, avx512bw, avx512vl, sha, fma, vzeroupper, avx512_vpopcntdq, avx512_vpclmulqdq, avx512_vaes, avx512_vnni, clflush, clflushopt, clwb, avx512_vbmi2, avx512_vbmi, hv, rdtscp, rdpid, fsrm, gfni, avx512_bitalg, f16c, cet_ibt, cet_ss, avx512_ifma
Processor Information for the first 8 processors :
  Max Mhz: 2419, Current Mhz: 2419, Mhz Limit: 2419

Memory: 4k page, system-wide physical 7888M (267M free)
TotalPageFile size 22034M (AvailPageFile size 38M)
current process WorkingSet (physical memory assigned to process): 45M, peak: 45M
current process commit charge ("private bytes"): 204M, peak: 205M

vm_info: OpenJDK 64-Bit Server VM (25.0.2+1-b329.117) for windows-amd64 JRE (25.0.2+1-b329.117), built on 2026-04-20 with MS VC++ 17.14 (VS2022)

END.
